########################################################################################################################################################################################################
#  #       #       #       #   #   #     # #         # #     #     # # #   #       #       #       #   #       # #     #     #               #               #     #               #     # #       #   #
#  # ##### ### ### # ##### # # # ### ##### # ### #   # # ### ##### # # # ### ##### ######### ##### # # # ####### ##### # ### # ############# # #######   ### # ### # ############### ### # ##### # # # #
#  #     #     #   #   #   # # # #   #   #   # #       #   #   # # # # # #   #   #         # #     # #   #           # # #   # #           #   #   #     # #   # # # #             #   # #   # # #   # #
#  ##### # ########### # ### # # # ###############  ########## # ### ### # ### # ### ##### # # ##### ############### # ####### # ######### ##### ### #   ######### # ####### ##### ### ##### # ####### #
#    # # #     #   #   #     # # # #                   #     # #   # #   # #   #   #     #   # #     #   #         #   #   #   # #       # #         #   #     #   #           #   #         #   #   # #
######## ##### # # # ######### # # # #############  #### ### # # ##### ### ####### ########### # ####### # ############# # # ##### ### ##### #########  ## ### # ############### ############### # # # #
#        #   # # # # # #     # #   #       # #   #     # # #   #         #   #   #   #       # #   #   # #   #   #       #   #   # #     # #   #     #     #   #           #   # # #     #     #   # # #
#  # ####### # # # # ### ##### ########### # ### #   # # # ### ##### ####### # ##### # ####### ### # # # ### # # # ########### # # # ### # ### # ### #  ################## # # # # # ### ########### # #
#  # #   #   # # # #   #   #   #     #   #       #   #   #     #   # #     # # #     #       # # # # # #   #   # # #       # # #   #   # #     #   #     #           #   # # # # # # #     #   #   #   #
#  # ### # ### # # ### ### # ### ### # ###########  ############ # ### ##### ### ########### # # # ### # # ### ### # ##### # # ####### # ### ##### ###  ## ######### # ### # ### # # # ### # # # # #####
#  #   # #     # #   #   #   #   #   #   #                     # #     #     #   #   #     # # # #   #   #   #     #     #   # #       #         # #       #     # # #     # # # # # #   #   # # #     #
#  ### ######### ### ##### ### ### ##### # # #####  ########## # ### ##### ### ### # ##### # # # ### ################### ### # ################### # #   ### ### # # # ##### # # # # ####### # ##### # #
#  #   #       # # # #     #     #     #   # #           #   # #   #     #     #   #       # #   # # # #               #   # # #               #   #     #   #   #   # #   #   # # # #     # # #   # # #
#  # ######### # # # ##### # ############### # ###  #### ### ########### ####### ########### ##### # # # ####### ######### # # # ############# #######   # ########### # # ##### # # # ### # ### # # # #
#  # #       #   # # #   # # #   #     # #   # # #     #     #         # #     # #       #     #     # #     #   #     #   # # # #           #   #   #   # #   #     # # #   #   #   # #   #     # # # #
#  ### ##### ##### # # # # # # # # ### # # ### # #  ## # ##### ####### # ############# # ##### # ##### ### # ##### ### # ### ### # ######### ### # # #   # # # # ### # # ##### ######### # ####### ### #
#    # #   #   #     # # # #   # # # # # #     # #   # #           # # #   #     #     # #   # # #   # #   #   # #   # # # #     # # #     #     # # #   #   #   #   # # #     #       # # #     # #   #
#### # ### ### # ####### ####### # # # ####### # #  ## ########### # # ### ##### # ####### # # # ##### ####### # ### # # # ####### # # ### ### ### # #  ########## ### # # ##### ### # ### # ### ### ###
#  #   #   #   # # # #   # # #   #   # # #     #     #   #     #     #   # #   # # #     # # # # #     #     #   #   # # #     #   # # # # # #     # #   # #   # # #   #   #   # #   # #   # # #   # # #
######## ### ### # # ##### # # ####### # ####### #   ### # ### ########### ### # # ##### ### ### # # ### # ##### # ### # ##### # ### # # # # ### ### #   # ### # # ######### # # # # # # ### # ### ### #
#    #   #   #   # #       #         # #     #   #   #   # # #     #       #   #   #   # #   #   # #   # #   # # #   # #   #   # #   # #   #   #   # #       #   #   #       #   # # #   #   # #       #
#  # # ### ### ### ##### ############# ##### # ###   # ### # ##### # ####### ####### ### # ### ### ##### ### # ##### # ### # ### # # # ##### # ### # #  ## ######### # ####### ##### ##### ### #########
#  #   # #     # # #   #               #   #   #     #     # # #   #   #     #   #         #   #   #     # # #   #   #     # # # # #   #     #   # #       #       #   #       #   # # #   #   #       #
#  ##### ####### # # # ################# # ##### #   # ##### # # ##### # ##### # ########### ####### ##### # # # # ######### # # ####### ####### #####  #### ##### ############### # # # ### ### # ### #
#    #   ###   #   # #     #     #   # # # #     #   #   #   # # #   #   #     # #   #       #     # #   # # # # #   # #   #   # #   #   #     #     #   #   #     #               #   # # #   # # #   #
#### # ####### ##### ##### # ### # # # # # # #####   ##### ### # # # ##### ##### # # # ####### ### # # # ### ####### # # # # # ### # # ### ######### #   # ### ##### ####### ##### ##### # ### # # ### #
#  # #       #   #   #     # # #   # # # # #   # #   #         # # # #     #   #   # #   # #   #   # # #     #     # # # # # #     # # #     #     #     #   #       #     #     # #     # # #   # #   #
#### ####### ### # ### ##### # ##### ### # ### # #   # ####### # # # ### ### # ##### ### # # ### ##### ####### ### # # # # # ####### # ##### # ### ###  ## # ############# ##### # # # ##### ####### ###
#  # #     #     # #   #     # #   #   # #   # # #   #   # #   # # #   # #   # #   #   # # # # # #   # #     # # #     # # # #       # #   # #   # #     # #     #     # #       # # #       #       # #
#  # ########### # ##### ##### # # # # # ### # # #  #### # # ### ##### # ####### # ##### # # # # ### # # ### # # ####### # ######### # # # # ### # ###   # # ### # # # ############# ######### ####### #
#  #   # #   #     #     #   #   # # # # #   #   #   #     # #   #     #     #   # #   #   # # #   #   # #   # # # #     # #       #   # #   # # #         # # #   # #   #     #   #         #       # #
#  ### # # # ####### ##### # ### # ### # #########   ####### # ### ######### # ##### # ### # ##### ##### ##### ### # ##### # ##### ##### ##### # #####  #### # ##### ### # ##### # # ####### ####### ###
#    # # # #     #   # #   #   # #   # # #     #     #     # #     # #     # #   #   # #   #   # #       #   #     # #     #   # #     #   #   # #   #       # #     #   #   #   #   #     # #     #   #
#### # ### ##### # ### # ##### ##### # # ### # ###  ## ### # ######### ### # ### # # # ####### ########### # # ##### ######### # ##### ### # ### #####   ##### ####### ### # # ### ####### # # ### ### #
#    #   # #   # #     # #     #   #   #     # #       #       #       # # #   # # # # #     #     # #     # #     #   #     #   #   #     #   #     #   #   #   #   # # # # # # #     # #   #   #     #
######## ##### ##### # ### ### # ##### ####### # #  ########## ####### # # ### # # # ### # ####### # # ##### ##### ### # ### ####### ######### ##### #  ## # ##### ### # # ### # ##### # # ##### #######
#        #   #   #   # #   # #   #   # #   # # # #   #       #       #   #   # #   #   # #       #   #     # #       #   #   #       #       #       #   # #     # #     #   # # #   # # # #   #       #
########## # ### ##### # ######### ### ### # # # #   # ### # ##### # ####### # ######### ####### # ####### # ####### ##### ##### ##### # #############   # ##### # # ####### # # # # # ##### # ##### # #
#    #   # #   # #     #   #   #   #   # # #   #     #   # #   #   # #   #   #         # #   #   # # #     #       # #   #     #       #                 # #   # #   #   #   # #   # #     # #     # # #
#  # # # # ### # # ######### # ##### ### # #######  #### # ##### ##### # ##### ##### # # # ### ### # # ########### ### # ##### ######### #############  ## # # ### ### # ##### ##### ##### # ##### ### #
#  #   #   #   # #       #   # #     # # #     #         #   #   #     # #     #     # # #     # # # # #     #   #     # #   #     #       #         #     # #   # #   #     #   # # #           #   # #
############ ### ####### # ##### ##### # ##### # #  ###### # # ##### ### # ########### # ######### ### # ### # # ####### # ####### ################# #   # # ### # # ####### ### # # ############### # #
#      # #   # # #   #   # # #   #   # #   # #   #   #     # # #     # # # #   #   #   #   #   #   #   #   # # #       #   #     #     #   #       #     #   #   # # #     #     # #     #       # # # #
#  ### # # ### # ### # ### # # ########### # #####   # ##### ### ##### # # # # # # # ##### ##### ### ##### # # ########### # ### ##### # # # ##### ###  ###### ### # # ### ########### # # ##### # # # #
#  # # # # #   #     #     #   #         #   #       #   # #   # #     # #   #   # #   #   #   # # # # # # # #     #     #   # # #     # # #     #   #   #   #     # # #   #           #   #   # # # # #
#  # # ### ### ################# ####### # ### ###  #### # ### # # ##### ######### ### # ### # # # # # # # ##### # # ### # ### # # ##### # ##### ### #   # # ####### ### # ################# # # # # # #
#  #     # #     #     #       # #   #   #     #       # #     # #     #     # # # # # #     # #     #   # #     # #   #   # # # #   # # # #     # #     # # #       #   # #     #   #     # #   # # # #
#  ##### # # ### # ### # ##### # # # # ######### #  ## # # ##### ### # ### # # # # # # ################### # ####### # ##### # # ### # # # # #########   # # # ####### ##### ### # ####### ######### # #
#                                                                                                                                                                                                      #
#                                                                                                                                                                                                      #
#    # #   #     # # #     #     # #   # #   # # #   #       #       #   #   #   # # #   #   #       # #   # #     # #   #       #     # #       # #         #   #   #     #   #   #       # #   #     #
###### # ### ##### # ##### ##### ### ######### # #   # ##### ####### ####### # ##### # # ##### ### ### # ##### ##### ### ####### ####### ######### # #   ##### ### ######### ##### # ####### ### # #####
#      # ### #     # # #   # # #   #       # # #     # #     #     #   #     #   #   # #     # # # #   # # #   #       #     # #     #   #       #   #   #   #   # #   #   #   # #       #   # # # #   #
#  ##### ### ####### # # ##### # # ####### # # # #  ## # ##### ####### ### ##### # ### ####### # # # ### # # # # ########### # # ### ### # ###########  ## # ### # ### # ##### # ####### # ### # ### ###
#        ###   #     # #     # # # # #   # # # #       # #   #         #   #   # # # #     #   # # #   #   # # #   #       #   # # #     # #         #     # #   #   # #       #     # # # # # #   #   #
############## # ### # ##### # # # # # ### ### ###   ### # ############# ### ### # ### ### # ### # ### # ### ##### # ##### # ##### ######### ####### #  ## # # ##### # ########### # # # ### ##### ### #
#    #     #   #   # # #   # # # #     # #   # #     # # #       #   # #   # # #   #   #   # #   # #   # #   #     #     # #     #     #   #   #   #     # #   #   #   #       # # #   #   # #   # #   #
#  ### ### # ##### ##### # # # ######### ### # # #  ## # ####### # # # ### # # ### # ### # # # # # # ### # ### ######### # ##### ############# ### ###   # ######### ### ##### # # ####### # # ### # ###
#  #   #   # #   #   # # # # # #   #   #   #   # #     #     # # # #   #   #   #   #   # #   # # # #   # #   #   #   #   #     #         # # #   #       #   #       # #     # # #   # # # #   #   #   #
#  # ####### # # ### # # ### # # ### # # # #######   ####### # # # ### # ####### ##### ####### # # ### ######### # ### ####### ######### # # ### #####   ### # # ########### # # ### # # # ##### ##### #
#    #         #   #   #   # #   #   #   #   #   #   #       #   #   #   #       #     #   #   # # # # #       # #     # #     #         # #   #   #     # # # #   #     #   # #     #   #   #   #     #
###### ########### ### # # # ##### ######### # # #  ## ########### # ##### ############# # ### ### # # # ##### ######### # ########### ### ####### # #   # # ##### # ### ##### # ######### ### ##### ###
#      # #       # #   # # # #   # #     #   # #     #             #       #   #     #   #     #   # # # # #   #   #   #   #   #     #   #   #   # # #   #   #     # #   # #   #     #   # #   #   #   #
######## # # ##### # ##### # ### ### ### # # # ###   ##################### ### # # # ### ####### ### # # # # ### # # # # ##### ##### ####### # # # # #  ###### ####### ### # ####### # ### # ### # ### #
#      # # #   #   # #   # #   #     # #   # # # #     ###   #     # #   #     # # # #   #     # #     #   #     #   # #     #   #   # #     # #   # #   #     #     # #   # #       #   #     # #   # #
#  ### # # ### # ##### # # ### ####### ##### # # #  ###### # # ### # # # ######### # # ### ### # ##### ### ########### ##### ### # ### # ##### ##### #  ## ##### ### # # ### ################### ##### #
#  #     #   # # #   # # # # # # #   #       #   #   #   # #   #   # # #   #     # #   #   # #       #     # #         #   #   # # #   # #   #   # # #   #   #   #   # #     #   #   #   #       #     #
#  # ######### # # # ### ##### # # # ########### #   # # # ##### ### # ### # ### ####### ########### ####### # ######### ##### # # # # # # # ### # # #   # ### ### ### ########### # # # # # ##### #####
#  # # #       #   # # #       # # # #     #     #     # #   # #   # # # #   # #   #     #   #     #   #   #   #         #   #     # # # # #   #   #       # #   #   # #   #       #   # # # #       # #
#  ### # # ######### ########### # ### ### # #####   ### # # ##### ### # ##### ### # ####### ##### ### ### ##### ######### # ######### # # ###########  #### ####### # ##### ########### # ### ####### #
#    # # # #         #     #   # # #   #   #   #     #   # #     # #   # #   #   # #   #     #   # # #         #       # # #   # #   # # # #     #         #     #   #     #   # #       #     #       #
#### # # # # ######### ### # ##### ##### ##### # #  ## ######### ### ### ### ### # ### # ####### # # ######### ####### # # ### # # # # # # # ### # # #  ## ##### # ####### ### # # #####################
#    #   # # #   #     # # # # #   #   #     # #     # #       # #   # #     # # #   #   #     #   # #   #   # # #   #   #   # # # # # # # #   # # #     # # #   # #     #     #   #   #   #           #
#### ####### # ### ##### # # # # ### ####### # ###   # # ####### # ######### # ### # ######### ##### # # # # # ### # ####### # # # # # ### ### # # ###   # # # ### # ################# # ### ####### # #
#    #     # #   #     # #   # #   #   #     #       #   # #   #   # # #   # # #   #         # #   # # #   #   #   # #       # # # # #   #   # # # #     #   #     #     # #       #     #   #   #   # #
#  ### ### # ######### # ##### # # ### # #########  ###### # # ####### # # # # # ########### # # # ### # ####### ##### ####### # # ##### ### # # # # #   ######### ##### ### ##### # ##### ### # # #####
#  #   #   # # #       # #   # # #   # # ###             #   #   #   # # # # #   # #         # # #   # # #     #       #       # #   #     #   # # #         #   # #   # #   #   # # #       # # # #   #
#  ##### ### # # # ##### # # # # ### # # ### #####  #### # ##### ### # # # # ### # # ######### # ### # ### ############# ####### ######### ##### #####  #### # # ### # ### ### # # # # ####### # # ### #
#    # #   #   # #   #   # #   #   # # #   # # #     #   # #   #     # # # #   #   #     #     #   # #     #   #   #     #     # #       #       #       #   # # #   # #     # # # # # #       # #   # #
#### # # ##### ##### # ### # ####### ##### # # # #   ### # # # ####### # # ### ######### # # ##### # ####### ##### # ### # # # # ##### ########### ###  ## ### # # ##### ### # ### ### # ### ### ### # #
#    # # #   # #   # #     # #     #       #   # #     #   # #     #   # #   # ###   # # # #       # #   #   #     #   # # # #   #   # #     #       #     #   # # # #   #   #   #   #     # #     # # #
###### ### # # # # # ####### # ### ######### ### #  ## ##### ##### ### # ### # ### # # ### ######### # # # ### # ##### ### ####### ### # ### # ##### #  #### ### # ### ######### ### ####### # ### # # #
#        # # # # # #   # #   #   # #       #     #     #   #   # #     #   # # #   #   #   #     # #   # # #   # #   #   #   #   #     # #   #     #     # # #     #   # #   #     #   #   # #   # # # #
#  ##### # ##### # ### # # ##### # # ##### #######  #### # ### # ######### # ### ##### # ####### # ##### # # ### # # ### ##### # ####### # ###########   # # # ### # ### # # ##### ### # # ### # # # # #
#  #     # #     #   # # #       # # #   #   #         # #     # # #   # # # #   #     #       #         # #   #   #   #       #     #   # #       #     #   # #   #   #   #   # #   #   #   # # # # # #
#  # ##### # ######### # ### ##### ### # ### # ###  ## # ####### # # # # # ### ### ########### ########### ##### ##### ############# # ### ####### # #   # # ### ##### # ##### # ### ####### ### # # # #
#  # #   # #   #   #   #     # #   #   #   # #       # #     #   #   #   #   # # # #     #     # # # #     #   #     #     #       #   # #     # #   #     # #   #   # #   #       #   #   # #   # # # #
##############  ## # ######### # ### ##### # #####   # ##### # ####### ##### # # # ###  ######################## ### ##### # ##### ##### ##### # #####  ## ### ####### ### # ##### ### #  ##############
##############   #   #         #   #   #   #   # #   #     #   #   #           #   #    ######################## ###     #   #   #   # #       # #   #   #   # #       #   #   # #   #    ##############
##shhhhhhhhh##  ###### ####### # ##### # # # ### #   ##### ##### ################### ## ##jjjjjjjj####JJJJJJJJ## ####### ########### # ######### # ###   ##### # ####### ##### # ### #### ##HHHHHHHHHS##
##hhhhhhhhhh##   #       #     # #   # # # #   #         #   #     # #           #   #  ##jjjjjjjj####JJJJJJJJ##   #     #   #     #   #     # #           #   # #   # # #   # # # # # #  ##HHHHHHHHHH##
##hhhhhhhhhh## ### ####### ##### # # # ####### ###  #### ### ##### ### ####### #######  ##jjjjjjjj####JJJJJJJJ## # # # ### # # ### ############# #####  ## ######### # # ### # # # # ###  ##HHHHHHHHHH##
##hhhhhhhhhh## #   #   #   # #   # #   #       #     #   # #     #   #   #   # #     #  ##jjjjjjjj####JJJJJJJJ## # # # # # # #   #               # #     #       #   # # #   #   # # #    ##HHHHHHHHHH##
##hhhhhhhhhh## # ####### ##### ### ####### ##### #   # ### ######### ### # # # # ###### ##jjjjjjjj####JJJJJJJJ## # #   # # # ######### ######### # # #  ######## ####### # ####### # # ## ##HHHHHHHHHH##
##hhhhhhhhhh## #       # #     # # #   #   #     #   #   # #   #     #   # # # #   #    ##jjjjjjjj####JJJJJJJJ## #  ## # # #     #   # #     #   # # #           #   #   #   #     # # #  ##HHHHHHHHHH##
##hhhhhhhhhh## ########### ##### # # ### ##### ###   # # # # # # ##### ### # # ### ###  ##jjjjjjjj####JJJJJJJJ## ####### # ##### # # # # ### ##### # #   ######### # # ##### # ##### # #  ##HHHHHHHHHH##
##hhhhhhhhhh##   #   #     #     # #     #     #     # # # # # # #     #   # # #   #    ##jjjjjjjj####JJJJJJJJ##   # #   #     # # #   #   #         #             # # #     #   #   #    ##HHHHHHHHHH##
##hhhhhhhhhh   ### # # ##### ##### ####### ##### #  ###### # # # # ##### # # # # ### ## ##jjjjjjjj####JJJJJJJJ## # ### ####### # # ##### # ###########  #### ######### # ####### # ### ##   HHHHHHHHHH##
##hhhhhhhhhh                                                                              jjjjjjjj####JJJJJJJJ                                                                              HHHHHHHHHH##
##hhhhhhhhhh    ###### ### # ####### # # ### # ###   # ### # ##### # # # ### # ##### #    jjjjjjjj####JJJJJJJJ     ### ####### # # # ##### # # ### ###  ## ### # # # ### # ### # # #####    HHHHHHHHHH##
##hhhhhhhhhh## #   #   #   #       # # #     #   #   #   # # #   # # # #   # # #     #  ##jjjjjjjj####JJJJJJJJ##   ##    #     #   #   #     #     #     # #     # # # # # # # # #     #  ##HHHHHHHHHH##
##hhhhhhhhhh## # # # ### ########### # ######### #  #### ### ### # # ##### # # # #####  ##jjjjjjjj####JJJJJJJJ## ####### # ####################### # #   # # ####### # # ### # # # ### ## ##HHHHHHHHHH##
##hhhhhhhhhh## # # #   # #   #       # #         #     #   #   # #   #   # # # #     #  ##jjjjjjjj####JJJJJJJJ#  #   # # #     #   #               #     #   #   # # #     #   # #   #    ##HHHHHHHHHH##
##hhhhhhhhhh## # # ### ### # # ####### ### #######  ## ### # # # ##### # # ### ##### #  ##jjjjjjjj####JJJJJJJJ## ### ######### # ### # ###############   ##### # # # ##### ##### ### #### ##HHHHHHHHHH##
##hhhhhhhhhh##   #   #     #     #   #     # #       # #   # #   # # # # # #   #     #  ##jjjjjjjj####JJJJJJJJ##   # # #     # #     #         #           #   # # # # #   #   #   # #    ##HHHHHHHHHH##
##hhhhhhhhhh## ##### ########### # # # ####### # #   # # ######### # # # # # #########  ##jjjjjjjj####JJJJJJJJ## # # ### ##### ########### ### # #####  ## # ### ### # # ### # ### ### ## ##HHHHHHHHHH##
##hhhhhhhhhh## #   #   #       # # # #   ###   #       #       #   # # #   #   #   #    ##jjjjjjjj####JJJJJJJJ## #   ##  #         #     #   # #     #   #   #   #   # #   # #       #    ##HHHHHHHHHH##
##hhhhhhhhhh## ####### # ##### # # # ### ### #####  ######## # # ### # ####### # # ###  ##jjjjjjjj####JJJJJJJJ## # ####### ####### # ####### # #######   ##### ### ### ### # ####### #### ##HHHHHHHHHH##
############## # #     #   # # #   #   #   #           #     #     #   #     # # #      ######################## # # #     #     # #     #   #   #         #   #     #   # #   #     #    ##############
############## # # ####### # # ### ####### #######  ## # ######### ######### # # # #### ######################## ### ####### ### # ##### # ##### # ###   # # # ####### # # ##### ##### ## ##############
#    # #   # # #   # #   #   #     #     # # #   #       #         #     #   #   # #     #     # # #     #     #   # #   # #   # #     #   # # # #       #   # # #     #   #   #       #   #     #   # #
###### # ### # ####### # ######### # ### # # # # #   ############### # ### ####### # # # # ##### # # ############### ### # ### # ##### ##### # # ### #   ####### # ######### # ########### # ### ### # #
#  # # # #     #       # #     #   # #   # #   #       #   #         #   #   #   # # # # #     #   # #     #   #   # # #   #   #     # #   #   #   # #       #   #   # #   # #   #     #   #   # #     #
#  ### # # ####### ##### # # # ##### # ### #######  #### # # ####### ####### # # # # # # ##### ####### ### # # # # # # ##### # # ### ### # ####### # #  #### # ##### # # # # # ### ### # ##### # # #####
#      # #       # #   #   # #   #   #   #   #   #   #   # # # #   #       # # # #   #   #   #   #   #   # # # # # # #       # # # #   # #   #   #   #   #   # #   # # # # # #   #   # #       # #     #
######## ####### # # # ##### ##### ##### ### # # #   # ### # ### ########### ### ######### ### # # ##### # # # # # # ##### ##### # ### ##### # #######   # ##### ### # # # # ### ##### #################
#        #     # # # # #   #       #   # # # # #     # # # #     #         #   #     #   #   # #   #     #   # # # #   #   # # # # # #   #   #     # #   # #   #     #   # #   #     # #           #   #
#  ### ### # # # # ##### # ####### # # # # # # ###   # # # ####### ####### ### ### # ### ##### ### # ### ##### ### ### # ##### # # # # # # ### ### # #  ## ### ########### ### ### # # # ######### # # #
#    #   # # #   #       # #     #   # #     #   #   # # #       #     # # # # #   # #         # # #   # #   # #   #   #   #   #   # # #   #   # #       #   # #   # #   #   #   # #   #   #       # # #
########## # ############# ##### ############### #   # # ####### ##### # # ### # ### # ######### # ##### # # # # ######### # ####### ####### ### #####  #### # # # ### # ### ### ######### # ##### # # #
#    #     # #   #         #     #   #         # #   # # #     #     #   #   # # #   # # #     #   #   #   # #   #   # #   #   #             #       #     # # # # #   # # # #       # #   # #   # # # #
#  # # # ##### # ### ####### ### # # # ####### # #  ## # # ### ############# # # # ### # # ### ##### # ##### ####### # # ##### # ############# ##### #  ## # # # # # ### # # ####### # # ##### # ### # #
#  # # #   #   #   #     #     #   # #       # #       #     #             # # # # #   # #   #       #   #   #       #     #   #       # #   # #   #       #   # # # #   # #     # # #   #   # #     # #
#### # ### # ##### ### ### ######### ####### # ###   ########### ##### ### # # # # # ### ### ########### # ### ########### # ######### # # # ### # ###   ########### ######### # # # ##### # # # #######
#    # #     #   # #   #   #   #   #     #   #       #   # #   #     # # # # #   # # #   ### #         #               #   #       #   # # # #   #   #   #   # #     #         #   #       #   #       #
#  ### ####### # ### ### ### # # # ##### # #######   ### # # # ##### # # # # ####### # ##### # ####### ############### # ######### # ### ##### ##### #  ## # ### # ### ############### ############### #
#  # #   #   # #   #   #   # # # #       # #     #         # #       # #   #     #   #     #   # #     #       #     # # #     #   # #   #     #     #     #   # #   # #       #   #   #               #
#  ##### ### # ### # ##### ### # ######### # ### #  #### ### ######### ### ##### # ####### ##### # ########### # ### # # # ### ### # ##### # ### #####  ###### # ##### # ##### ### ##### ####### #######
#  #   #   # # # # #     #   # #         # # # #     #   # # #       #   # #   # #   #   # # #   #         # # #   # # # # # # #   #   #   #   #         #   #   #         #   #   #     #     # #     #
#  # ##### # # # # ##### ### # ######### # # # ###   # ### # ####### ##### # # # ### # ### ### ######### # # # ##### ### # # # # ##### # ##### #######   # # ##### ######### ### ### ####### # # ##### #
#  #     # # #   # #     # #   #       # #   #         # # #       # #     # # # #   #   #   #   # #   # #   #   #   #   # # # # #   # # #   # # #   #   # #       #       #   # # # # #   # #   #   # #
###### ### ### ### # ##### ########### # # # #####  #### # ##### # # # ##### # # # ##### # # ### ##### ##### ##### ### ### # # ####### ### # # ### # #   # ######### ##### ##### # # # # # ####### # # #
#      #   #     #   #   # #   #     #   # #     #   #   #     # #   #     # # # # # #   # # #   #   #     # #     # #       #         #   #   #   #     # #       #     #     # # # #   #     # # #   #
#  ##### ####### ##### # # # # # ### # ### ##### #   # ####### # ######### # # # # # # ##### # ##### ##### # # ######################### ####### #####   # # # ### ##### ##### # # # ### ##### # # #####
#      # #         #   # #   # # # # #   # #     #   # #         #   #     # # # # # #   #   #     #     #   # # #     #   #     #             #         # # #   #     #   #   # # #     # #     # #   #
###### # # ####### # ### # ### # # # ### # # #####   ### ######### ### ##### ### # # ### # ################### # # ### # # ##### ########### # #######  ## # ### ####### ### ### # ### ### # # # # # # #
#        #   #   #   #   # #   # # #     # #   #       # #   # # #     # #   #   # # #             #           # #   #   #   # #         #   #   #       # #   # #     # #   #   # # # #   # # # # # # #
#  # ####### # # ##### ##### ### # ####### ##### #  ## ### # # # # ##### # ### ### # # ########### # ### ########### # ##### ############# ##### # ###   # ### # # ### # # ####### # # # # # ### # ### #
#  # #     # # #     #     #     #       #   #   #   #   # # #   # #   #   #   #   #   #       #   #   # #   #   # # #     #       # #   #   # # #       # #   # #   #   #     # # #     # #   # #   # #
#  ### ##### # # ######### ############# ### # ###   ### # # ####### # ### # ### ####### ##### # ####### # # ### # # ##### # ##### # # # ### # # #####   ### ### ############# # # # ##### ### ##### # #
#    #       # #   #     #             # #   # #       # # #   #   # #       #   #     # #   # # # #   # # #   #   # #   # # #       # #   #   #   #     #   # #   #       # # # # # #   #   #     # # #
#### ######### ##### ### # ########### # ### # # #  ## # # ##### # # ######### ### ### # # # # # ### # # # ### ##### ### # # # ####### # ########### #   # ### ### # # ### # # # # ##### ######### #####
#    #     #   #     # #   #       #   #   # # #       # # #     # # #   #   #     # # #   # # # # # #   #   #     # #   # # #         #   #         #       # #   # #   #     # #       #   #   # #   #
#  ### ### # ### # ### ##### ##### ##### # ### ###   ### ### ##### # # # # # ### # # # ##### # # # # # ##### ### # # ##### ############### # #########  ###### # ### ########### ######### # # # # # # #
#      #   #     # # #     #     #     # #   #   #   #       #   # # # # # #   # #   # ###   # # # # # #   #   # # # #   #       #   #   # #     #       #   # #     #   #   # # #   #     # # # #   # #
######## ######### ####### ##### ##### # ####### #   ######### ### # ### # # # ########### ##### ### ### # ### ### ### # ### ### ### # ### ##### # ###  ## # # ######### # ### ##### # ####### ####### #
#  #   #         # #     # #   #     # #   # # # #     #     #   #   #   # # #         #   #     #   #   #     #   #   #   #   # #   #   #     # # #       # #     #     #   # #   # #   #   #   #   # #
#  # ########### # # # ### # # ##### ##### # # # #  ## # ### ### # ### ### # ######### # ### ##### ### ######### # # ##### ##### ####### ##### # # # #  ########## ######### # # # # ### # # ### # ### #
#                                                                                                                                                                                                      #
#                                                                                                                                                                                                      #
#      # #       #       # #   # #     #   #   # #     # #   #   #   # #   # #   #       #       #   # #       #   # # # # # # # #     #   #       #     #   #   #   # #   #     #   # #   #     # #   #
#  ##### ####### # # ### ##### ##### ##### ### # #  #### # # ##### ########### # # ##### # ##### # # # ####### # ### # # # # # # # # # ###############   # ### # # ##### # ####### # # # ### ##### # # #
#  #   # #     #   # #   #   #     # #           #       # #   #   #     #     #   #   # # #   # # # #   #     # #     #   # # #   # #   #   #   #   #   #   # #   #   # #       # # # # #   #   #   # #
#### # # # ### ##### ##### ####### # #############   ##### ### # ##### # ########### ### # ### # # ##### # ####### ################# ### # ### # # # #   ### ######### # ####### # ### # # # # # ### ###
#    # # # #         #   #     # # #   #     #   #   #   #   #   #   # # #       #     # # #   # # #   # # #     #   #     #   #     # # # #   # # # #     #     # #   #   #   # #   # #   # # # # #   #
#  ### # # ########### # ##### # # # # # ### # # #  ## # ### ####### # ### ##### ##### # # # ### # # # ### # ### ### # ##### # ####### # # # ##### # #  ## # ### # # ##### ### # ##### ##### # # # ### #
#    #   #   #         #   # #   #   # #   #   # #   # #   #   # #   #     #   #     # # #   #   #   #     #   #     #     # #       #   # # #     # #     #   # # #   # #   # # # #   #     # #   #   #
#### ######### ########### ##### ##### ### ##### #   ##### ### # # ######### # ##### # # ### # ##### ######### # ######### ######### # ### # ### ### #  ######## # ### # ### # # # # ### ##### #########
#  # #     # #     #   # #           # #   #     #     # #   # #   #       # # #     #   # # #     #         # # #         #     #   #     # #   #   #           #   # # #   #   #   #   #   #         #
#  # # ### # ##### # # # ########### # ##### #####  ## # ### # ### # # ##### # # ########### ##### ######### # ### ######### ### # ####### # # ##### #   ### ####### # # # ### ### ### ##### ######### #
#  # # # # #     # # #   # #     # # #     # #   #   #   #   #     # #   #   # # #   #   #       #   #     # #   # #   #   # ### # #   #   #     #   #   # # #       # # #   # #     #     # #   #   # #
#  ### ### ####### # # # ### ### # # ##### ### # #   ### ########### ### # ### # # # ##### ######### # ### # # # # # # # ### ### # ##### ######### ###  ## # # ### ### # ### # # ### ##### # ### ### # #
#    #   #         # # #   #   #   #   # #     # #       #           # # # # #     # #     #         #   # #   # #   # # #   #   #       #       # #         # #   #   # #   #   #   #     # #     # # #
#### ### # ######### ##### ### ####### ######### #  ###### # ######### # # ######### # ################# ############# # # ### ########### ### # # # #   ##### # ### ##### # ##### ######### # # ### # #
#    #   # #   #   #   #   # # #   #   #       #       # # # #     #     #   #       # #     #   # #   #   #   #   #   # # ### #       # # #   # # # #   #     #   #     # #     #       #   # #   # # #
#  ######### # # # ### # ##### ##### ### #########  ###### # # ### ######### # ####### # # # # ##### # ### # # # # # ##### ### # ##### # # ##### # ###  ## ############# # ############# ### ##### # # #
#      #     # # # #   # # #   #       #   #           #   # # # #       #   #     #   # # # #   #   # # #   # # #   #   # #   #   # #   #   #   #         #       # #     #     #     #   #   #   #   #
###### # ##### ### # ### ### # # ######### # #####   # # ### # # ##### # # ####### # ##### # ##### ### # ##### # ####### # # ##### # ####### # #######   ####### # # # ##### ### ##### ### # # #########
#    # # #   #   # #   #     # # #     #   # #   #   #     # # #   #   #   # #     #       # #     #   # # # #   #   #   # #   # #     #     #           # #     #   #   #   #         #   # # #     # #
#  # # # ####### # ### ####### # ##### ### # # # #  ######## # ### # ####### # ############# # ##### ### # # ##### # # ####### ##### ### #############  ## # ### ####### # ### ##### ####### # # ### # #
#  #   #     #   #     #     # # #     #   # # # #   #     # #     #   #   # #       #     # # #   #   # # #   #   # #   #     #   #   # #                 # # # #   # #   #   #   #       # # # #   # #
#  ######### # ########### # # # # ##### ### # # #   # ############### # # ######### # ### # # # # # ########### ### # # # ##### # ### # ########### #   ### # ### ########### # # ####### ### # # # # #
#    # #     #   #       # #   #   #   #   # # #     #   #     #   # # # # #     #   #   #   #   # #   #     #   # # # # # #     #     #       #   #     # #   #     #       # # # #   #   #   # # # # #
#### # # ####### # ##### ########### # ### # # ###   ### # ### # # # # ### # # # # ##### ############# # ### # ### # # # ### ########### ####### # # #  ## ######### # ##### # # # # # ##### ### # ### #
#      #   #     # #   #       #     # #   #   #     #   # #   # #   #     # # #   #     #   #         #   #   # # #   #     #   #     #       # #   #   # #     # # # #   # # # #   #       #   # #   #
#  ####### ####### # ########### ######### ##### #  ## ### # ### ########### ####### ##### # # ################# # ########### ####### ######### #####   # # ### # # # ### # # # ############# ### # ###
#  #     #   #     # #   #     #   #       # #   #   # #   #   #     # #   #       # #   # # # # #     #     #   #   #   #       #   #   #     # #   #   # # #   #   #     #   #     #   #   # # # #   #
#  # ### ### # ##### # # ##### ### # ####### # ###   # # ##### ##### # # # ####### # # # # # # # # ### # ### # ##### # # ######### # ### # ### # # # #  ###### ######### # ######### # # # ### # # ### #
#    #   # # #   # #   #     #     #     #   # #       # # #   #     # # #       # #   # # # # # # # #   #   #     #   # #     #   # # # #   # # # # #       # #       # # #       #   # #   #   # #   #
###### ### # ### # ######### # ######### # # # # #  #### # # ######### ################# # ### # # ####### ####### ##### # ### # ### # # ##### ### # #   ### # # ##### ### # ### # ##### # # ##### # # #
#    #     #   # #         # # #       #   #   # #     # # # #       #     # #   #     # #   #   # #   #   #     #     # #   # # #   # # #   #     #     # # # # #   #     #   # #     #   #     #   # #
############## # ##### ### ### ####### ######### #  ## # # # # ##### ####### # # # ##### ######### # # # ####### ####### ### # # # ### # # # #########  ## # # # # # ######### # ##### # ####### ##### #
#        #     #     #   #   #       # # #   #   #   # #   #   #   # #   #     #   # #   #         # # #   #   # #       #   #   #   # # # # #       #   # #   #   # #       # #   #   #   #     #     #
#  ##### ##### ### # ####### # ### ### # # ### ###   # ### ##### ### # ### ### ##### # ### ######### # ### # # # # ####### ######### # # # # ####### #  ## ######### # ### ####### # ####### # ### #####
#  #   #     #     #         #   #   # # # #   # #   # #   #     #   #   #   #   #   #   # #   #   # #   # # # # #   #   # # #   # #     # # #       #   # #     # # #   # #   # # # # #     #     #   #
#  ##### ### ############### ####### # # # # ### #  ## # ######### ####### ####### ##### # # # # # ##### # # # ##### # # # # # # ######### # #########   # # ### # # ##### # ##### # ### ###############
#      #   #   #       #   #   #     # # #   #   #   # # #       #       #             # #   #   # #   #   # # #     # # #   # #   #     # #   #   #       # # # # # #     # #     #   #   # #   #     #
###### ####### # ##### ### ### # ##### # ### # ###  ## # # ##### ### ### ############### ########### # ####### # # ### # ##### ### ### # ##### # ### #  ## # # # # # # ####### ####### ##### # # # # # #
#    #       #   #     #     # # #     # # # # # #   # # # #   # #   # # #   #     #   #     #   #   # #     #   #     #   # # # #     #     # #   #     #   # # #   # #     #   #   # #     # #   # # #
#  ############### ##### # # # # ##### # # # # # #  ## # # # ### ##### # # ######### # ##### # # # ### ##### # ########### # # # ########### # ### ###   ####### ########### ##### # # # ####### ##### #
#  #     #         # #   # # # #     # #   #   #       #   # #   #   # #             # #     # # #   # #   # # #   #   # #   # #         #   #                 #     #   # #     # # #   ###   #   #   #
#  # ##### ########### ### # ##### ### ######### #  ######## # ### # # ############### # ##### # ### ### # # # # ### # ##### # ### ##### # ###########  ###### ##### # # # ##### # # ####### # ##### ###
#  # #   # #         #   # # #   #     #       #     #         #   # # #   #     #   #   #   # #     #   # # #   #   # #   # # #   #   # # #   #     #     # # # #   # # # #   #   #     #   #   #   # #
#  # ##### # ########### # ### # ####### ##### ###   # ######### ### # # # # ##### # ##### # # ### ### ### # ##### ##### # # # # ##### # # # # # #####   # # # # # ### # # # # ######### # ##### ##### #
#  # #     #   #     #   #     # #   # #     #   #     #     # # # # # # #   #     # #   # # #   #   # #   #     #       #   # # #   #     # #   #   #   # # # # #     # #   #   #     # # #     #     #
#  # # ######### ### ########### # # # ##### ### #  ###### # # # # # # # ##### # # # ### # ##### ##### # ##################### # ### # ########### # #  ## # # # ####### ####### ##### # ### ##### #####
#  #   #           #             # # #     #   #           # #   #     #       # # #     #   # #       #                       #     #             #         #         # #             #     #   #     #
#  #   #           #             # # #     #   #           # #   #     #       # # #     #   # #       #                       #     #             #         #         # #             #     #   #     #
########################################################################################################################################################################################################
